// Vitest Snapshot v1, https://vitest.dev/guide/snapshot.html

exports[`<Mock/> > pets 1`] = `
"export const createPets = rest.post('*/pets', function handler(req, res, ctx) {
  return res(ctx.json(CreatePetsMutationResponse()))
})
"
`;

exports[`<Mock/> > showPetById 1`] = `
"export const showPetById = rest.get('*/pets/:petId', function handler(req, res, ctx) {
  return res(ctx.json(ShowPetByIdQueryResponse()))
})
"
`;
